---
source: crates/forge_markdown_stream/src/table.rs
expression: "render(vec![vec![\"Note\", \"Details\"], vec![\"*emphasis*\", \"Regular text\"],])"
---
  ┌─────────────────┬──────────────┐
  │ Note            │ Details      │
  ├─────────────────┼──────────────┤
  │ <i>emphasis</i> │ Regular text │
  └─────────────────┴──────────────┘
