---
source: crates/forge_markdown_stream/src/table.rs
expression: "render(vec![vec![\"Item\", \"Description\"],\nvec![\"**Bold** and *italic*\", \"Mixed `code` here\"],\nvec![\"Normal\", \"[link](url) text\"],])"
---
  ┌───────────────────────────────┬──────────────────────────────┐
  │ Item                          │ Description                  │
  ├───────────────────────────────┼──────────────────────────────┤
  │ <b>Bold</b> and <i>italic</i> │ Mixed <code>code</code> here │
  ├───────────────────────────────┼──────────────────────────────┤
  │ Normal                        │ <a href="url">link</a> text  │
  └───────────────────────────────┴──────────────────────────────┘
