---
source: crates/forge_markdown_stream/src/table.rs
expression: "render(vec![vec![\"Items\"], vec![\"First\"], vec![\"Second\"], vec![\"Third\"],\nvec![\"Fourth\"], vec![\"Fifth\"],])"
---
  ┌────────┐
  │ Items  │
  ├────────┤
  │ First  │
  ├────────┤
  │ Second │
  ├────────┤
  │ Third  │
  ├────────┤
  │ Fourth │
  ├────────┤
  │ Fifth  │
  └────────┘
