---
source: crates/forge_markdown_stream/src/table.rs
expression: "render(vec![vec![\"Short\", \"Much Longer Header\"], vec![\"a\", \"b\"],])"
---
  ┌───────┬────────────────────┐
  │ Short │ Much Longer Header │
  ├───────┼────────────────────┤
  │ a     │ b                  │
  └───────┴────────────────────┘
