---
source: crates/forge_markdown_stream/src/table.rs
expression: "render(vec![vec![\"A\", \"B\", \"C\", \"D\", \"E\", \"F\"],\nvec![\"1\", \"2\", \"3\", \"4\", \"5\", \"6\"],])"
---
  ┌───┬───┬───┬───┬───┬───┐
  │ A │ B │ C │ D │ E │ F │
  ├───┼───┼───┼───┼───┼───┤
  │ 1 │ 2 │ 3 │ 4 │ 5 │ 6 │
  └───┴───┴───┴───┴───┴───┘
